---
source: crates/quaffed/tests/end_to_end.rs
info:
  program: quaff
  args:
    - "-e"
    - "find \"café\""
---
success: false
exit_code: 1
----- stdout -----

----- stderr -----
quaff: no matches for "café"
quaff: 2 files in an unknown 8-bit encoding not searched for "café", which is not ASCII and so has no one spelling there
